Traceback (most recent call last):
  File "/Users/timjarden-ross/Documents/GitHub/USSTJROS/slack-bot/app.py", line 9, in <module>
    from commander_bridge import handle_slack_message
  File "/Users/timjarden-ross/Documents/GitHub/USSTJROS/slack-bot/commander_bridge.py", line 28, in <module>
    from tools.supabase.client import (
ModuleNotFoundError: No module named 'tools'
Traceback (most recent call last):
  File "/Users/timjarden-ross/Documents/GitHub/USSTJROS/slack-bot/app.py", line 9, in <module>
    from commander_bridge import handle_slack_message
  File "/Users/timjarden-ross/Documents/GitHub/USSTJROS/slack-bot/commander_bridge.py", line 28, in <module>
    from tools.supabase.client import (
ModuleNotFoundError: No module named 'tools'
2026-06-07 14:42:58,525 INFO slack_bolt.App: A new session has been established (session id: 4ef5014b-60ef-4fac-90df-0dd96f030726)
2026-06-07 14:42:58,525 INFO slack_bolt.App: ⚡️ Bolt app is running!
2026-06-07 14:42:58,532 INFO slack_bolt.App: Starting to receive messages from a new connection (session id: 4ef5014b-60ef-4fac-90df-0dd96f030726)
2026-06-07 14:43:15,531 INFO __main__: [app] app_mention received: channel=C0B8TCHUN65 user=U0B891S5KB6 len=117
2026-06-07 14:43:29,516 ERROR slack_bolt.App: on_error invoked (session id: 4ef5014b-60ef-4fac-90df-0dd96f030726, error: BlockingIOError, message: [Errno 35] Resource temporarily unavailable)
2026-06-07 14:43:29,614 INFO slack_bolt.App: The connection has been closed (session id: 4ef5014b-60ef-4fac-90df-0dd96f030726)
2026-06-07 14:43:29,619 INFO slack_bolt.App: Stopped receiving messages from a connection (session id: 4ef5014b-60ef-4fac-90df-0dd96f030726)
2026-06-07 14:43:39,570 INFO slack_bolt.App: The session seems to be already closed. Reconnecting... (session id: 4ef5014b-60ef-4fac-90df-0dd96f030726)
2026-06-07 14:43:39,576 INFO slack_bolt.App: Connecting to a new endpoint...
2026-06-07 14:43:40,816 INFO slack_bolt.App: The connection has been closed (session id: 4ef5014b-60ef-4fac-90df-0dd96f030726)
2026-06-07 14:43:40,816 INFO slack_bolt.App: A new session has been established (session id: c4205f3c-2eca-4dc0-8dba-ede397aead04)
2026-06-07 14:43:40,816 INFO slack_bolt.App: Connected to a new endpoint...
2026-06-07 14:43:40,884 INFO slack_bolt.App: Starting to receive messages from a new connection (session id: c4205f3c-2eca-4dc0-8dba-ede397aead04)
2026-06-07 14:43:58,098 INFO __main__: [app] Responding to mention: intent=general route=Chief of Staff
2026-06-07 14:47:02,544 INFO slack_bolt.App: A new session has been established (session id: 2f09fb38-cb6a-4341-83f5-e93085f220a4)
2026-06-07 14:47:02,544 INFO slack_bolt.App: ⚡️ Bolt app is running!
2026-06-07 14:47:02,644 INFO slack_bolt.App: Starting to receive messages from a new connection (session id: 2f09fb38-cb6a-4341-83f5-e93085f220a4)
2026-06-07 14:47:12,330 INFO __main__: [app] app_mention received: channel=C0B8TCHUN65 user=U0B891S5KB6 len=48
2026-06-07 14:47:54,173 INFO __main__: [app] Responding to mention: intent=general route=Chief of Staff
2026-06-07 14:49:39,955 INFO slack_bolt.App: A new session has been established (session id: 66058dcc-0dc9-4fb5-b495-ae5d27c33bed)
2026-06-07 14:49:39,955 INFO slack_bolt.App: ⚡️ Bolt app is running!
2026-06-07 14:49:40,039 INFO slack_bolt.App: Starting to receive messages from a new connection (session id: 66058dcc-0dc9-4fb5-b495-ae5d27c33bed)
2026-06-07 14:49:47,811 INFO __main__: [app] app_mention received: channel=C0B8TCHUN65 user=U0B891S5KB6 len=48
2026-06-07 14:49:50,904 INFO __main__: [app] Responding to mention: intent=general route=Chief of Staff
